1 0.8037483098246779 0.3432241728221584
2 0.31294638433075234 0.2639587629983396
3 0.24951257902141014 0.23063646695582932
4 0.2197380652977507 0.21044736992598728
5 0.20134489617273868 0.20407911325849085
6 0.18889959443890758 0.19620480644462027
7 0.179543484380638 0.1918610256242572
8 0.17227217286781296 0.18949449907223173
9 0.16645089348625386 0.186580025021364
10 0.16134570249365562 0.18188119122820473
11 0.15696735698963182 0.17620406213768966
12 0.15328137463482402 0.17131806309885989
13 0.15010918089464584 0.16788527946584586
14 0.14729938128095169 0.1659861544240286
15 0.14449298668173804 0.16588559106109194
16 0.14170465648787905 0.16601279483311368
17 0.13910751241336808 0.16503220566544755
18 0.13672849057919043 0.1604916040547428
19 0.13434577836426642 0.15724535783153373
20 0.13208475247172524 0.15475897380063033
21 0.12988463893371535 0.15248956496732133
22 0.12788812025301768 0.1502498131381176
23 0.12604965966227988 0.14820266899021917
24 0.12433324784225311 0.14578327318795384
25 0.12277456716446744 0.14367774245423523
26 0.12134032479993453 0.14153571278841373
27 0.12002441390160651 0.13927404772854
28 0.1187963812194776 0.1371990406015515
29 0.11761141485554699 0.13545500799922167
30 0.11650962351855744 0.13412809347691054
31 0.11550272658151134 0.1334461730140844
32 0.11445398421916161 0.13273285032208498
33 0.11343687502087053 0.13130859308744192
34 0.1123945508036718 0.12687362791647405
35 0.11016704355242019 0.12693092933729389
36 0.1082715742296071 0.1248275033820649
37 0.10714078219899634 0.12320509021780225
38 0.10621336897947171 0.12225862594324545
39 0.10536524428516252 0.12125774027923229
40 0.10453718789785152 0.12087146124107728
41 0.10368479160788273 0.12113977024685382
42 0.10281168037264732 0.12104678870913817
43 0.10198149195421047 0.12047018334366337
44 0.10125684723935513 0.11984124772796415
45 0.10060775514392103 0.11935028743189464
46 0.09997183255175607 0.11801223073775068
47 0.0993185143946038 0.1166537589929027
48 0.09874748192527505 0.11608354013083622
49 0.09825866252543829 0.11550503074720296
50 0.09775342824231353 0.11470906988941648
51 0.09722806553484369 0.11397238357094376
52 0.09675807571044921 0.11250251193749854
53 0.09633402270217606 0.11142592782949255
54 0.09583594894780047 0.11087813301782902
55 0.09534742189865929 0.11018805010459803
56 0.09488446116541832 0.10916340472986458
57 0.09449857021208032 0.10844547773508577
58 0.09406628377113177 0.10807055876157715
59 0.09369613157109023 0.10734680788384982
60 0.09332514995170345 0.10665698575582316
61 0.09297362810677541 0.1062487778077734
62 0.09264307413740386 0.10602648798176506
63 0.09237809629144325 0.10600541824338262
64 0.09209486902770146 0.10600685641592128
65 0.09176332742018734 0.10644285575796472
66 0.09148457934762227 0.10660834064033914
67 0.091125439722005 0.1068671261679174
68 0.09076573372295858 0.10738677269861464
69 0.0904500781407456 0.10820135681732153
70 0.09016212723839516 0.10888167894285176
71 0.08988944863855114 0.1094125546190043
72 0.08976532791141117 0.10963632918811837
73 0.089403585189487 0.10880555528056132
74 0.08912281886400661 0.10829563535942206
75 0.08888226824488478 0.10892299016270894
76 0.08863918907018693 0.10908409953312204
77 0.08842945692127285 0.1095030901340063
78 0.08821689292624418 0.10943525674253991
79 0.0879479801754338 0.10833364141769786
80 0.08775040289711238 0.10774443747804884
81 0.08761088242527151 0.10767784962731713
82 0.0873677336790815 0.10758817379856384
83 0.0871954857928933 0.10769038049526745
84 0.08711485929936402 0.10746903144758231
85 0.0870634710513418 0.10861634039797965
86 0.0867833321478715 0.10895439403173414
87 0.08660084556573612 0.1086839383561892
88 0.08648037491245048 0.10914349135510816
89 0.08634921337849319 0.10947405967311268
90 0.08616844051759148 0.10988323995926239
91 0.08604605372327427 0.10864339793971704
92 0.08594021838168985 0.10936472241241256
93 0.08589231020124218 0.10931550544819027
94 0.08575156989658596 0.10897670147836303
95 0.08559655876788573 0.10954618849605545
96 0.08522368734532419 0.10851733493936791
97 0.08497044514468809 0.10810647297005624
98 0.08491860418294751 0.10867995984003459
99 0.08467654232841604 0.10801990420344737
100 0.08422285575374337 0.10745338113248883
101 0.08438540324919035 0.11017636570813073
102 0.08394112905312544 0.10902946868181841
103 0.08409003720879168 0.11053240899017257
104 0.08349087029393662 0.10980536263618045
105 0.08379491233371542 0.11175515746264134
106 0.08335485196880872 0.10978731414512742
107 0.08303580606629431 0.10980528909554943
108 0.08307055613468944 0.11009499783178685
109 0.082922862678299 0.10759596895661235
110 0.08244381391731452 0.10805195045775355
111 0.08258918125512174 0.1085370143449478
112 0.0825806460309038 0.11020619784507676
113 0.08215842386206813 0.1083619902005355
114 0.0819199350551482 0.10839142149718481
115 0.08208336486792804 0.10796947934363157
116 0.08209885935046736 0.10990135230966823
117 0.08184486967794925 0.1120176555547295
118 0.0815811960344513 0.1081051023434573
119 0.08161368517785866 0.10710275158933684
120 0.08140473245999574 0.10616404288186762
121 0.08151226076626257 0.10809857216610766
122 0.08138904568656792 0.10833214035667885
123 0.08121644052422498 0.10820975451864673
124 0.08094337490184954 0.10984652726059527
125 0.08077039476765804 0.10846304826035848
126 0.08079713707278981 0.10872016268014895
127 0.08066599544883186 0.10951586283159322
128 0.08088807950242097 0.10768365625399243
129 0.08042264955949775 0.10967762499687396
130 0.08035979340483343 0.10839642785939685
131 0.08038992739509077 0.1074764246772814
132 0.07993091408262237 0.10855361447498667
133 0.07992216278439138 0.10875553648036736
134 0.0797801053103067 0.10754057584658676
135 0.0797738551545128 0.10746397054638661
136 0.079879783433881 0.1061828189660581
137 0.07974158771428175 0.1061499013166332
138 0.0793711584428426 0.10611482532722198
139 0.07939968317619858 0.10697563667421253
140 0.0791474532150608 0.10572704777863587
141 0.07908816063696783 0.1040271077389358
142 0.07892810240610289 0.1043400040759826
143 0.07861135297098618 0.10430433560338338
144 0.07888975264591279 0.10420020693153643
145 0.078898263729153 0.10547633083874415
146 0.07862332536368018 0.1055207920710438
147 0.07849183610172697 0.10580422184389211
148 0.07864238936931087 0.10527685363382806
149 0.07827701468764145 0.10635397675101448
150 0.07838333688811573 0.10203886476094765
151 0.07844449962210205 0.10490287996408763
152 0.07820795399381077 0.10335677532166572
153 0.07766624294298646 0.1026495999129066
154 0.0778265219385748 0.10518599278711445
155 0.0777538970580554 0.10454065992040412
156 0.07745744213444204 0.10522316799908639
157 0.0775771705628057 0.10290095666957359
158 0.07725714077846833 0.10538388184700852
159 0.0773916859072652 0.1021260539101867
160 0.07717167632802241 0.1058324189725415
161 0.07762135189775382 0.10431111865850007
162 0.0772332277805067 0.1026768754807102
163 0.07725206093896453 0.10626501636388241
164 0.07694968210906591 0.10743064581861049
165 0.0772508741686185 0.1023266785440902
166 0.0768138605068716 0.10629055642391848
167 0.07683677085469298 0.10679911729538986
168 0.07647591008279599 0.10608498694948203
169 0.0766012928477765 0.10532976072000047
170 0.07670160900214686 0.10228938623492202
171 0.07661738223726275 0.10855374589515573
172 0.0763042957187142 0.10336229960464784
173 0.07645422952345347 0.10132304096416037
174 0.0763051035063339 0.10184136295942728
175 0.07634247642684179 0.10205062933087013
176 0.07576347940590182 0.10443768541783055
177 0.07571662169001588 0.10129726777887556
178 0.07601803066806068 0.1015044292725142
179 0.07616249656573511 0.1010707303434453
180 0.07585782896395127 0.10187223859185336
181 0.0756979453978081 0.10253989852369905
182 0.07533698838440062 0.10265082777340201
183 0.07569923226905334 0.10427885928893336
184 0.07526942808267077 0.10173789684068608
185 0.07503957740190431 0.10138943863789071
186 0.07471159580378516 0.10231338009197499
187 0.07485882950343899 0.10716727831198476
188 0.0747851681795822 0.10032584823111393
189 0.074556154103087 0.10289235305314177
190 0.0748424542564678 0.10163228257179217
191 0.07458743919743963 0.09885774002889318
192 0.07425121793018823 0.10270502297816282
193 0.07466289679657086 0.10430933829561058
194 0.07419485889875677 0.1042867167216627
195 0.07402087546592712 0.10358104820134131
196 0.07430212004359327 0.10073426222037739
197 0.07428973058477785 0.09978486758636916
198 0.07376976573974312 0.1012810333052885
199 0.07347146442404638 0.1030379324980568
200 0.0740644430936121 0.09944254299655035
201 0.07417551694916788 0.10049096027730794
202 0.07377924589272439 0.10139420642625456
203 0.0732592631433562 0.10044518094374419
204 0.07299062013048252 0.10251042605573188
205 0.07362530081275113 0.100925117985755
206 0.07322891240647883 0.10091558291189988
207 0.07339931612982442 0.1013172895055832
208 0.07316177068812657 0.10149113565776686
209 0.07294293696576959 0.0994936292488823
210 0.07313300961289583 0.10052784863019416
211 0.0727858054457491 0.09898435319993326
212 0.07252501085336327 0.10292250901540634
213 0.07303337102441979 0.10106470539238525
214 0.07303130790588434 0.10176287012738312
215 0.07255880086867678 0.10189953090742737
216 0.07283566201091979 0.10340691601668514
217 0.07283938833117716 0.10416433689453218
218 0.07285565594428087 0.10412319844503709
219 0.07263834428771757 0.10848574872887254
220 0.07271700038845902 0.10285320973622629
221 0.07257125933476485 0.1016910041321292
222 0.07239821397168475 0.10277460996079622
223 0.07230887123794993 0.10342502439774763
224 0.07243346112830792 0.10207266360661851
225 0.07228438095502085 0.10722203007867556
226 0.07223163607090971 0.10500687618775005
227 0.07231900571843204 0.10272281011869466
228 0.0721855091468668 0.10414861504664585
229 0.07204091975368158 0.10780252012270247
230 0.07192623056745183 0.10572386399526212
231 0.07171730272593987 0.10547423118612291
232 0.07148886875157344 0.10457098286692974
233 0.07151752139086423 0.10577547517052457
234 0.07187060169267204 0.10691959879535372
235 0.07193894174824024 0.10297037660516033
236 0.07141983471091687 0.10455158498651596
237 0.07165819036632617 0.10567760387688556
238 0.07120142389018358 0.10346768962564064
239 0.07162763705293598 0.10276254165046103
240 0.07101986118459724 0.10365850509950451
241 0.0714894062075253 0.10509665985783442
242 0.07049191693832475 0.10490054123671208
243 0.0711157702718768 0.10395279226475708
244 0.07095950131277552 0.10425486354741016
245 0.07153197389017266 0.10143412324221916
246 0.07179271005301084 0.10250892710505852
247 0.07104935441179394 0.10253912360243683
248 0.07103328784266758 0.10061086086943667
249 0.07101087406281838 0.10749123172816662
250 0.07077659752571132 0.10363428749478995
251 0.07037273447275062 0.1031722022222137
252 0.07100063921810999 0.10352955194712153
253 0.07076181577557428 0.10662630870783976
254 0.07053657058290554 0.10543507568191862
255 0.07103586744187086 0.10370137631043382
256 0.07039023691761015 0.1041443270637058
257 0.07025052717761403 0.10274287212031448
258 0.07042097343795659 0.10455586461023503
259 0.07068701981148154 0.10606779005153787
260 0.07030214308233512 0.1027789269598498
261 0.06994769038468651 0.1017366435459124
262 0.0701513134179537 0.10246003167242719
263 0.07006418539191489 0.10916078210155435
264 0.07023029346606012 0.10635109109895807
265 0.06992841416203666 0.10550586770540886
266 0.07009729766553267 0.10581917373120647
267 0.06977339525134031 0.10688602460663361
268 0.0699014574344203 0.10820253676344069
269 0.06983255873275784 0.1042274641993427
270 0.07013517867351145 0.10273251269266584
271 0.06965603099881257 0.10499521386831473
272 0.06945905184581805 0.1066355690274292
273 0.06949012697974737 0.1040342167225807
274 0.06970197785140529 0.1059031633025973
275 0.06916605528586495 0.10493752531000282
276 0.06974784426702105 0.10656631862309185
277 0.06903323834251278 0.10413386647536906
278 0.06903896663700547 0.10554805716883792
279 0.06970457344246819 0.10195702243922868
280 0.06925225484805904 0.10557237351538867
281 0.06918689045798919 0.10323629948304992
282 0.06902985965752516 0.10448517107522264
283 0.06912019457334954 0.10266035889352343
284 0.0695935745195289 0.10340577537782984
285 0.06931935957856672 0.10109261758265294
286 0.06868447641327878 0.10070954176189334
287 0.06920758532528029 0.10323474234126657
288 0.06915241940068315 0.10240252566447784
289 0.06898052742107148 0.10183139108365674
290 0.06866496414351336 0.10371820277294551
291 0.0683182708869902 0.10109392284009754
292 0.06833967494366823 0.10439431538916794
293 0.06798305935160899 0.10549720412890443
294 0.06862583252971337 0.10301103568107943
295 0.06778684082104272 0.10268993034947486
296 0.0681520961883612 0.10123647956398293
297 0.06811458905974845 0.10268625367390355
298 0.06812504537120193 0.09818842510468337
299 0.06804407147320159 0.10267835435098105
300 0.06803053854689094 0.10415182891044883
301 0.06798890811729492 0.10233790198855354
302 0.06802273879604494 0.10630471701210335
303 0.06732967750112075 0.09949782090638863
304 0.06735123860506635 0.10178723284168091
305 0.06778722732181508 0.09980419675872143
306 0.06737345842245855 0.10113833899992235
307 0.067335610814953 0.10312340305250359
308 0.06775074556698914 0.09831183115777853
309 0.06720513451037019 0.10268444016325734
310 0.06689057105519144 0.10176147021489922
311 0.06670978486163849 0.1022787340569796
312 0.06732742821189654 0.09971165347538712
313 0.0672359924529104 0.10123116337229067
314 0.0671765312477342 0.10426473786530122
315 0.06697557404963068 0.09997165992956943
316 0.06661323369964263 0.10260015737920487
317 0.06669756638923816 0.10253315199856024
318 0.06715383850681068 0.10441249826332646
319 0.06655586897663253 0.09953572929400348
320 0.0667569351202072 0.10398656005481566
321 0.06680268144275428 0.10125388169714185
322 0.06673504236130808 0.1007440805746109
323 0.06676215823534216 0.10202554955517823
324 0.06715428722536321 0.10349306378896578
325 0.06701622033967518 0.09958139738371481
326 0.06667048482086226 0.10223194295817155
327 0.0669564129817912 0.10075961108155726
328 0.06627150586176432 0.09861924158629559
329 0.06670239438051198 0.09814842681562883
330 0.06631985060796255 0.09928723084715829
331 0.0664604068279806 0.10317986126013602
332 0.0667268388546415 0.0987279459510954
333 0.06685717134057773 0.09845361022435313
334 0.06715124502915269 0.099446130355058
335 0.06643671716022309 0.10090440916908976
336 0.06590346471651011 0.0995458525827366
337 0.0659626382147712 0.09942339927180881
338 0.06640536953545384 0.09808578559923146
339 0.0663165948050819 0.10022606476464793
340 0.0664351775963124 0.09932040308055064
341 0.06662700163327405 0.10297536967548701
342 0.06613071734448292 0.0992557229406863
343 0.06612157532352929 0.09968946360463252
344 0.06593454711365038 0.10006573415434866
345 0.065905093153766 0.09686435187731665
346 0.06567261707750202 0.09818516400500593
347 0.06587680935740439 0.09997224174939857
348 0.06673719983554055 0.09743553761133905
349 0.06574473123509036 0.0989394602491678
350 0.06632774272327036 0.09912569866799884
351 0.06576174737399233 0.10209962795258967
352 0.06632575715333484 0.09843203093800808
353 0.06569011191070175 0.09811322086044198
354 0.06589486405364274 0.09878329234876657
355 0.06598429998399266 0.09791055090273018
356 0.06600269104083556 0.10260724386790857
357 0.06609915061206507 0.09939349997429307
358 0.06568153576615998 0.1031677387201158
359 0.06609913144837887 0.09779761863626642
360 0.06540441743209441 0.09787323975542737
361 0.06568218841608973 0.09646151846392441
362 0.06568120584147452 0.09864847459170979
363 0.06558863089785631 0.10053958188546207
364 0.06568269166181588 0.10097690876187342
365 0.06556692228487673 0.09873545399110718
366 0.06555597225269917 0.09800781422903218
367 0.06577100168122113 0.09671893359795854
368 0.06528147509582326 0.09560651330516469
369 0.06518198993985483 0.09908093383189369
370 0.06586428953358688 0.10041104082304868
371 0.06511672438472302 0.0985535449486801
372 0.06570247875830196 0.10128623229356296
373 0.06672307426773101 0.09805382531357977
374 0.06593927153071916 0.10018962283077115
375 0.06541931597983135 0.09801898780669877
376 0.06521906834651392 0.10008499625202504
377 0.06595961530466878 0.0979207790701183
378 0.06537612936735143 0.09905793718999184
379 0.0656068774700993 0.09903856877679743
380 0.06512370720764024 0.09768866210284533
381 0.06539800992240746 0.09873101083421103
382 0.06560339260469211 0.09508917861696523
383 0.06498597418373898 0.0966860562722301
384 0.06544116477592862 0.09756811580782326
385 0.0652484452599982 0.09869096856201713
386 0.06516064863119068 0.09581557308944012
387 0.06499935391666094 0.09570483139221651
388 0.06524964080967117 0.09675911842231559
389 0.06566765284832173 0.09768387720140669
390 0.06517696126622079 0.09681665181046424
391 0.06516311231579833 0.09695132656803628
392 0.06515489690198026 0.09623808142767543
393 0.06493184205982731 0.09585422940438437
394 0.06546166667702671 0.0963418645821835
395 0.06492857872608156 0.10001241369924671
396 0.06568141092914204 0.0973213216877814
397 0.06523655673695665 0.09509636170006575
398 0.0647189913523067 0.09668131180610766
399 0.06461056494766987 0.09495968898453384
400 0.0646884558313275 0.09616714278341265
401 0.06460993021894158 0.09454245604695106
402 0.06494582681379447 0.10016777955443941
403 0.065227837920844 0.09529225431113618
404 0.06480946126908867 0.0965630775337355
405 0.06485954146273816 0.0977483201293544
406 0.06458195643858186 0.09633251247292637
407 0.06501261382902077 0.09901915753235199
408 0.06461351116612768 0.09648522290174658
409 0.06428537424187294 0.09640960126212876
410 0.06429829793942636 0.0965725468358433
411 0.06436236115249802 0.09436214334234254
412 0.06476211805621591 0.09811090877962227
413 0.06438680301982931 0.09574388104460026
414 0.06456576543289654 0.09960296612989744
415 0.06493391906677146 0.09708754516726434
416 0.06440142666616346 0.0964260492726991
417 0.06445223213228422 0.09671063446529979
418 0.06430013026011416 0.09640180992261345
419 0.06383795198391494 0.09647464841705101
420 0.06436738822595335 0.09727846082386864
421 0.06473377880341775 0.09760543209102325
422 0.06490742980917208 0.09688721778798684
423 0.06406099782892026 0.0964849922665628
424 0.06436281777885106 0.0955712806869444
425 0.06430838109642158 0.09674748198121973
426 0.06403204777665601 0.09646807324833115
427 0.06424696820095431 0.09431589984516113
428 0.06405735278334057 0.09547776324025518
429 0.063637553714775 0.09516691739387911
430 0.06371978559595158 0.09485313120002266
431 0.06410536831144657 0.09570139416456613
432 0.06405485844100918 0.09441775716915242
433 0.06398629856942553 0.09341045686211742
434 0.06392671643355867 0.09802523755485787
435 0.063474153772579 0.09552788063229714
436 0.06339092729244805 0.0963395218940425
437 0.0637207907003416 0.09424451720275671
438 0.0635996072254797 0.09462596474791694
439 0.06388538621298787 0.09621701966244213
440 0.06370592429085611 0.09472327700152926
441 0.06346046118322836 0.09516114517213058
442 0.0631106128828728 0.09506932942439762
443 0.0633758024556804 0.09475159406578552
444 0.06373681153994586 0.09602648054522647
445 0.06360421481624279 0.09300126046334835
446 0.06355632801921303 0.0943521913915332
447 0.06371123078560693 0.09498189702346936
448 0.06353633570016211 0.09532055799541628
449 0.06368325566956805 0.09420870673461519
450 0.06297915236998963 0.09355976183673924
451 0.06337091960928941 0.09462941155546263
452 0.06350342682812955 0.09701349432755074
453 0.0636195013187396 0.09275880266085325
454 0.06291662425200815 0.09379279888907573
455 0.06250220253827851 0.09358634973542024
456 0.06352412191662421 0.09401761063534785
457 0.06351193935319933 0.0943245318008682
458 0.06353424189439083 0.09360172737994214
459 0.06333421116200898 0.094092586264357
460 0.06287695262580163 0.09369633348934332
461 0.06311372668905123 0.09422629576881048
462 0.06296708687649191 0.09609851455922402
463 0.06272430169455455 0.09320611018733675
464 0.06326212384500864 0.09342361343547015
465 0.06287303709881907 0.09338710344918237
466 0.0628021961756672 0.09369448313422932
467 0.06295720488865095 0.09322838744502257
468 0.06291559516127038 0.0935511593069556
469 0.06276632451580973 0.09501703397580955
470 0.06241853709254768 0.09370973088373089
471 0.06267525034150005 0.09289136937743361
472 0.0627232148419361 0.09355724485336674
473 0.06273408936841482 0.09386161674172754
474 0.06315280053074528 0.0936894334863001
475 0.06277418202219429 0.0936205479035293
476 0.0621698298892263 0.09258731497101536
477 0.06221967274828367 0.09213646288974686
478 0.062226478811601454 0.09260647784013169
479 0.06220165331197101 0.09326236306660242
480 0.062333917790300064 0.0939852154730921
481 0.062234147286683326 0.09426369229985856
482 0.062154153656747056 0.09322742010667054
483 0.062145865629047836 0.09357123719231508
484 0.062145365465509986 0.09304067051433486
485 0.06213272082463227 0.09406716736547303
486 0.06263578978037043 0.09256425830819427
487 0.06243418530500589 0.09723971600787411
488 0.06289566238743438 0.09430971994077045
489 0.061905617355176225 0.0924311470750647
490 0.062296869335282834 0.09279820866718162
491 0.06194317618822676 0.09276339269168644
492 0.06283804105712391 0.09325941851405978
493 0.062408342768753074 0.09291826120452785
494 0.06277032626428872 0.09360907225793955
495 0.06225812362041526 0.09271061439359868
496 0.06221184391253391 0.0940716559715718
497 0.06274255230694854 0.09257341577665779
498 0.06179312940105399 0.09292515212823783
499 0.06189511947496274 0.09220949358644602
500 0.062022651170849964 0.09294896284026015
501 0.0619337097224445 0.09246601878210094
502 0.061364757908632654 0.09281653563025857
503 0.06135126598761517 0.0912550398999375
504 0.061598339676668785 0.09255373454272885
505 0.061832276591747386 0.09250513367459175
506 0.061682133843188096 0.09219123012639231
507 0.061616926003937235 0.09219312764861809
508 0.06222109602752624 0.09361927945612442
509 0.06222193295444891 0.09384725016076688
510 0.06150427476050108 0.09250082792825097
511 0.06149200249954593 0.09283339154726267
512 0.06151749302317432 0.09346014949742348
513 0.06211056461630163 0.09335239846293278
514 0.06163689536373775 0.09277059094128941
515 0.06183849361115006 0.09214275748423384
516 0.06174561834849141 0.09222666075717861
517 0.061515149698301005 0.09122536994195088
518 0.0619260374526789 0.09250012440892445
519 0.061305114936978496 0.09206869741008852
520 0.062135155351545714 0.0918403752854858
521 0.062052910394816134 0.09334144501272973
522 0.061769399071391506 0.09163049090571324
523 0.06161450025974629 0.09253969631304573
524 0.06167492596119321 0.0931909819636115
525 0.06126271001053802 0.09452564869959813
526 0.06211875181728746 0.09420747044376064
527 0.0616418722132518 0.09446312422159309
528 0.06234271760045609 0.09431794324174116
529 0.06191248536939549 0.09243846204924833
530 0.06148516866283509 0.09230119791545603
531 0.06097232521606589 0.09200685349498114
532 0.06108164279625434 0.093875153677493
533 0.061826285052902774 0.0926998640180531
534 0.061543185114516584 0.09260478712861585
535 0.06134023480979833 0.09213802385833007
536 0.0612121593388169 0.09285521136029987
537 0.06099012341883923 0.0925695680437374
538 0.061396656065541295 0.09403669652199585
539 0.06147159426210027 0.09289370165308937
540 0.06128082509802291 0.09186787665007204
541 0.0609362842635209 0.09317866490361096
542 0.06096186248843268 0.09111915816760491
543 0.061051222363858425 0.0928310031389351
544 0.060848472949975724 0.09201285363684357
545 0.061109556753227934 0.09212801291926556
546 0.06113543174059468 0.09214792038584567
547 0.06140591167034596 0.09353059928010882
548 0.061844711907965706 0.09154471505213804
549 0.06091867611187714 0.09249405526195197
550 0.06124757545303818 0.09330256659184318
551 0.061164357656721305 0.09206301172984996
552 0.06172050511710193 0.09198984579696831
553 0.06116771244072306 0.09121341745659149
554 0.0608988785942187 0.0922130212041509
555 0.06054668076332937 0.09085422589660959
556 0.06121074602473481 0.0916702244946524
557 0.06042489808215931 0.09091682271207029
558 0.06050521292223009 0.0916879567625738
559 0.06161627170774424 0.09303989018605317
560 0.06068443277341374 0.09201779176070557
561 0.060629876266980305 0.09071277403333815
562 0.06061924378096692 0.09074017072561627
563 0.060437937759084646 0.09136142893759032
564 0.06116639567503347 0.09173027112801968
565 0.060862773847433195 0.092176387032102
566 0.06119378268995984 0.09062810449607561
567 0.06080344317365426 0.09207212843386253
568 0.060568855882382075 0.09242145340310057
569 0.06065776368308456 0.09042418647084727
570 0.06092716001602185 0.09128987298026857
571 0.0606129813488181 0.09204325779874976
572 0.06097429467769014 0.09101234592912294
573 0.060831766187160394 0.09197211527760614
574 0.06061126143254249 0.09183367464436555
575 0.06057128153504513 0.09114025845781432
576 0.060493713958362345 0.09188832652123914
577 0.060588811092306044 0.09155778110170865
578 0.06033459047964577 0.09146175057197733
579 0.06114893467406847 0.09246161187168112
580 0.061122506155831084 0.09236214998683068
581 0.06068907789500252 0.09085180886979802
582 0.06052997891189323 0.0914971388822367
583 0.06079277376306704 0.09386516518023068
584 0.0607360039061308 0.09147543031285896
585 0.06068401564924752 0.09220966921662296
586 0.06061235861953107 0.0924746651002934
587 0.06084419431829074 0.09185951815606716
588 0.06067076092698122 0.09272014780358705
589 0.06049266863492325 0.09104719984025336
590 0.06132049821805668 0.09083039767614413
591 0.060552601951356665 0.09257904503327277
592 0.06075554390622122 0.09244793554849949
593 0.06125441018817639 0.0919876273786394
594 0.060416947086550196 0.09259731750780407
595 0.06096172246933943 0.09077440751567234
596 0.06131760950942375 0.09086917608493622
597 0.06132502123312951 0.09137671346763193
598 0.06075692965508524 0.09100182130837817
599 0.060226811636356584 0.09229870955437501
600 0.06019089166968254 0.09265349390756587
601 0.06082664864736089 0.0905040744298878
602 0.06076894704456301 0.09134699704784707
603 0.060887211525314025 0.09061122997157721
604 0.06077069545480144 0.0910629757691358
605 0.060863381230144876 0.09055372837132808
606 0.060074306628385206 0.09068843659155085
607 0.06006518048572634 0.09146453139455596
608 0.060253028700627174 0.0907921448634835
609 0.060108855352591764 0.09276985966777329
610 0.06099514518459101 0.09173783260048009
611 0.06027819016523895 0.08941696311457353
612 0.060873029950403425 0.09339252801929664
613 0.060563535525115154 0.0936393290375761
614 0.060695339269907334 0.09075967534378682
615 0.06105304524632354 0.09192640855848346
616 0.060751084113732944 0.09230563546136299
617 0.060683195295446656 0.09194445936840011
618 0.06094900168193806 0.09382090338657746
619 0.06074576907249955 0.09163215155860686
620 0.0603752689708522 0.09217488997056932
621 0.060399930511699056 0.09004325904846722
622 0.060333873173523664 0.09035896716811379
623 0.05999215678725335 0.09401391546123941
624 0.0604101717853314 0.09233202475330944
625 0.06086368428792053 0.09519737911744977
626 0.06014106513652043 0.09049398699946842
627 0.06001254771239074 0.09208836505677918
628 0.060734189689479606 0.09558793111060498
629 0.06047104812292344 0.09003656104890179
630 0.06010969243938631 0.09034484578288172
631 0.06029219897213524 0.09506676837229865
632 0.060356950175976434 0.09099608278396404
633 0.06042407000784123 0.09293799727190938
634 0.06107298325860972 0.09039263454786349
635 0.060435443356947276 0.09772159379107352
636 0.06164262075145272 0.09167928753327349
637 0.06090765182059757 0.09108628988935796
638 0.0612512612402655 0.09411891756911162
639 0.060490097755492495 0.09308498856314108
640 0.06069705205555553 0.09249819930418955
641 0.060267194028921466 0.09186945120099155
642 0.06044285828107845 0.09074672770317248
643 0.06099781834126192 0.09152359987754156
644 0.060283018745095014 0.09238600526736694
645 0.06132896933537086 0.09255918921167408
646 0.06050064256603425 0.09101779924650401
647 0.06047793533642035 0.0926643108541231
648 0.060363215929134 0.09153785829285814
649 0.06026541356130303 0.09270290263439548
650 0.060587076211426207 0.0944498645940529
651 0.0601715970633705 0.09254638770151284
652 0.06008365002931765 0.09164320247450801
653 0.06037282325808447 0.09498054864622543
654 0.060865822572415185 0.09088919499452452
655 0.06043312290725115 0.09157946634217934
656 0.06023366392745662 0.09148713390486864
657 0.060551133550405874 0.09317837373381929
658 0.060230298004619126 0.09230352468663501
659 0.060546189695891255 0.091641952605996
660 0.060029013566666296 0.09028783370698952
661 0.0596636251478994 0.09007824839454155
662 0.05986699790499702 0.09029477517131826
663 0.05986570549782093 0.09205661879933213
664 0.060712899946677425 0.09314159359326023
665 0.05979911604025369 0.09052553849757847
666 0.05995555902600657 0.09084942407790261
667 0.06037158692931974 0.09137977925255375
668 0.06065156771225445 0.09179853469700021
669 0.060216825892700304 0.09157867963894159
670 0.05991619869042843 0.09073149984561228
671 0.060100545201788175 0.09072420190424492
672 0.059602230605223336 0.09028157678103442
673 0.05986990941288545 0.09039610167784964
674 0.05962218100001199 0.08921322510588826
675 0.05966575469119053 0.09058105291767325
676 0.05976565560299044 0.09196400756072329
677 0.059888099962650806 0.09082229700483321
678 0.05975133598929228 0.09052656783741762
679 0.05951696871269586 0.0906938912763511
680 0.06009526982825714 0.09016129294232003
681 0.05948880772075735 0.09061672813671022
682 0.05972080563773589 0.09008937481952631
683 0.05965095320649159 0.08956151883838157
684 0.06015794241838361 0.09337268154629656
685 0.06012823993308997 0.092125801499643
686 0.059982656518094035 0.09059902774023752
687 0.059276812744066494 0.09050210092800069
688 0.05969645036119648 0.09013225919565421
689 0.059494246899217555 0.0916835218916237
690 0.05972456704531195 0.09420893324717727
691 0.060293709110196166 0.09087892029990673
692 0.059613059632462356 0.09047291900479155
693 0.06022886913439816 0.09063604924234814
694 0.05982216029640301 0.08999225828819282
695 0.05934582358879816 0.09284194294632385
696 0.059331653600673544 0.08968336918306445
697 0.05941625018440577 0.08988004509919993
698 0.05973719412621145 0.09215448284633362
699 0.05935419411228128 0.0913269574702603
700 0.05957433020610023 0.09125305527615275
701 0.059843892982192885 0.09051726904194961
702 0.059421145232102 0.09224524995428911
703 0.06005544972408906 0.09030812664591881
704 0.059690935057164364 0.09089602196889127
705 0.059288540946374924 0.08958667641541096
706 0.05977746706059616 0.0899327185159504
707 0.059713007297879775 0.09176250374906626
708 0.060043577450406525 0.09141860766017244
709 0.0589090494432028 0.09002313597037244
710 0.05948528376438719 0.09071524929019957
711 0.059034499967509785 0.09107400604985966
712 0.0590746742438106 0.09139219324844314
713 0.059743052212193594 0.09100393172883062
714 0.05964576308732008 0.09237910916514455
715 0.05949332642404921 0.0922075843592286
716 0.05885738703592731 0.09050036670791227
717 0.059166856330282895 0.09043525930274554
718 0.05900421594903482 0.0908238152290481
719 0.05940251071986906 0.0900746274474479
720 0.05891913819916211 0.0915289022295443
721 0.05893598813274656 0.09168141804306897
722 0.058869974383742134 0.09024658888770341
723 0.05874543560141464 0.0916843804918774
724 0.05903713507607124 0.09069539711226936
725 0.05883585835384102 0.09209170646917997
726 0.059524994059271585 0.09054319829292809
727 0.05885977013601357 0.09055778214021466
728 0.05914506523581194 0.09070510006230166
729 0.05906426832060605 0.09091492204788336
730 0.058898594290530175 0.09020246263901134
731 0.05909701951924112 0.09051687345563235
732 0.05893321600447697 0.09242698292778725
733 0.05910688614507087 0.09003614421794136
734 0.05946860283719354 0.09473477230432634
735 0.05931666591198063 0.090569408881952
736 0.05866810499752002 0.09182843785455752
737 0.05910546231373199 0.09093811844828976
738 0.0589581174192198 0.09115827209015918
739 0.059834188626799276 0.09066527155716128
740 0.05938285304132598 0.09482353785166092
741 0.05949871999581747 0.09351401324089402
742 0.058778835975371514 0.09170291620195752
743 0.059130747386152135 0.09149374242190592
744 0.059645650091933976 0.09166294174571242
745 0.058596443342848574 0.09059926639811745
746 0.05850912497259946 0.09032442672020492
747 0.05864508713775982 0.08989965498115
748 0.05894083000269671 0.0910166459192662
749 0.05860071563608959 0.0908357269984784
750 0.05825672984600535 0.0901856032931504
751 0.05844108062999664 0.09214268962042968
752 0.05856240165429651 0.09073202049334628
753 0.0586453810624585 0.09123403071427806
754 0.058516101757697996 0.091275912449692
755 0.05912361635870233 0.09212944671994426
756 0.05929875191029535 0.09176673444560506
757 0.05888333723104762 0.0905007619004473
758 0.05856305804729715 0.09049776065431764
759 0.05850016170091091 0.09123600531354538
760 0.058603763184372805 0.09127845175114804
761 0.05818380949846205 0.09110446964125074
762 0.05864984029317256 0.09058824283378279
763 0.05860473416862092 0.0905245230942713
764 0.05904037921040455 0.09104575245748267
765 0.058300400046870135 0.09175386461876264
766 0.058698226298610344 0.09086654211630149
767 0.05847564168145353 0.09114555825277461
768 0.05819808525925121 0.09030976615869786
769 0.05877280758291991 0.09264639004681591
770 0.05909298199788354 0.09083305732975798
771 0.05884189818003496 0.09219891603541036
772 0.05858552627163655 0.0920756044608062
773 0.05876735114664933 0.0901430912375109
774 0.059341696493708344 0.0916495032899732
775 0.05905684935699371 0.09167535359977577
776 0.05950977681323481 0.09174465215567178
777 0.05932476061384286 0.09080940916747614
778 0.059177829612686444 0.09139291724718451
779 0.05890782920056653 0.09103604733724689
780 0.05926269296411496 0.09065712632504162
781 0.05915999498313509 0.09086927344638021
782 0.05833270839270839 0.09088049898806709
783 0.05857236868669845 0.09048123699392928
784 0.05884157399198907 0.09026676601172726
785 0.05824099833841234 0.09113284122233309
786 0.05847815841360102 0.09239368635191883
787 0.058483564385321624 0.09304489469859896
788 0.058771352620026016 0.09101835607277703
789 0.058689635974764724 0.09104893242161038
790 0.058799768449650694 0.09096686233905837
791 0.05848241377218338 0.09166582622774953
792 0.059380019698320935 0.09150015761988932
793 0.058403687542666095 0.0911105343344892
794 0.05843147959719697 0.09104281133309146
795 0.05825775124677891 0.09226757208970038
796 0.05904976833620193 0.09102747127138631
797 0.058336889908741855 0.0903368847183547
798 0.05834982951709129 0.09279774792374886
799 0.05870450365265843 0.09198877721162688
800 0.05849123905006856 0.09057525264234129
801 0.05858142993672151 0.09141729526012826
802 0.05849622787407762 0.09218809491887567
803 0.058695163843937706 0.09106153679581508
804 0.05872559942698244 0.09321480667786099
805 0.058279682993309476 0.09102949893797195
806 0.05858286674448389 0.0919829300971227
807 0.05808815842106061 0.09125077383101292
808 0.058679260126844046 0.09110288804176594
809 0.05914787443769846 0.0958860280497127
810 0.0593395046095989 0.09065098431094396
811 0.05847765922172362 0.09170013722198628
812 0.058644076850945054 0.09138008477879454
813 0.05829985181443998 0.09184841983743718
814 0.058219433798270194 0.09171627924359452
815 0.05856122789054837 0.09110486256125837
816 0.05820456034331754 0.09073996884463119
817 0.058375202637066366 0.0914732977840304
818 0.05819344259157713 0.09207120349811063
819 0.059074015252076346 0.0929660789428191
820 0.059275954896764765 0.09036207699279199
821 0.058611597090123695 0.09112700728952891
822 0.05869553235221806 0.09227462853235867
823 0.0583716895215883 0.0910574270262268
824 0.058067135721338224 0.09073557420428105
825 0.05857921663608348 0.09090490021302788
826 0.05874819337607527 0.091654994381868
827 0.05862137335722386 0.09073677825350253
828 0.058813855684412226 0.09107490882896138
829 0.058497281102276144 0.09182607194853358
830 0.058013724923926396 0.09226425032731284
831 0.058362465825683656 0.09201251207746304
832 0.058571242146388355 0.09282661362474708
833 0.058257778966290134 0.0907299794383394
834 0.05810301008817701 0.09215320043171585
835 0.05825369325544908 0.09045705505597323
836 0.0580330775995538 0.09296938564714813
837 0.058438619371693326 0.09118951312627231
838 0.057821571372711905 0.09140419699813075
839 0.0584528703632566 0.09166810624490461
840 0.05901426220725545 0.09071248227935003
841 0.05922569549931242 0.09073007308698236
842 0.05875732291012037 0.0912640970618574
843 0.05802983086139908 0.09118557801282287
844 0.0579353161650959 0.09171722656991607
845 0.05844338626759344 0.09052727327686252
846 0.0589607176076121 0.0915128810283603
847 0.05816323547568459 0.09044914347868345
848 0.058019566488338344 0.09129358134394121
849 0.05917942030895207 0.09108045931578
850 0.05794323405413119 0.09116061377036566
851 0.058651682010303914 0.09186965206574879
852 0.05810998866189017 0.09073402802717498
853 0.05814294154666457 0.09213232467839054
854 0.05820130176068963 0.09157142284173167
855 0.05807550335314117 0.0920331251721215
856 0.058500747699803776 0.09378652916501595
857 0.05883927258950713 0.09116848758841234
858 0.05819779890861443 0.09168092869034593
859 0.05805991593234456 0.09050751222856487
860 0.05816992349717725 0.09250168069409462
861 0.05842413826323577 0.09123949583299464
862 0.05840711668389714 0.09096477715536118
863 0.05794996916547465 0.09134899416940757
864 0.05781094633210055 0.09113626673950025
865 0.058923116192663695 0.0924188265764219
866 0.058357021084318124 0.09106851478131725
867 0.0578942878474258 0.091905288834427
868 0.057484445707930154 0.09141662281509487
869 0.05770590967406394 0.09175200887376896
870 0.0576272210570155 0.09251926561124728
871 0.05797238342040229 0.09147293977662908
872 0.057999118238991065 0.0923294651097747
873 0.058030489921844224 0.09086633260753509
874 0.05830036612931477 0.09165100887272992
875 0.057801954635884965 0.09395712479349234
876 0.05835648164998263 0.09123348148782594
877 0.058690549362524706 0.09270046655933967
878 0.057623921315296166 0.09088641470885397
879 0.05819322062066551 0.0915736736115789
880 0.05834530422576366 0.0945578893795134
881 0.05810032637598502 0.0932289233910206
882 0.05812594055931118 0.09283251032194978
883 0.05813690149336683 0.09165144914311384
884 0.057526800443387045 0.09209543115310245
885 0.05781063909871129 0.09302504014476604
886 0.05813574198195171 0.09107485634937638
887 0.05817684817232696 0.09231782833321212
888 0.05860411633896875 0.09258046896424256
889 0.057608542695468064 0.09200034341939524
890 0.05885252569345678 0.09274008617421532
891 0.057971242681612724 0.09243938662799864
892 0.05765559967342504 0.09038740398968352
893 0.057503570835660336 0.09183318952091397
894 0.05758344521524507 0.09055014882108743
895 0.05718086992262368 0.0912406195559424
896 0.05708764713000952 0.09096689848302378
897 0.05710283177126399 0.09048064409295525
898 0.05705553444446696 0.09057123417964794
899 0.05715615483439488 0.09116529760743473
900 0.05746161522986615 0.09134911946021987
901 0.05817225654186742 0.09122721911111933
902 0.05755233585046039 0.09167673773582924
903 0.05766443884799413 0.09132430759741325
904 0.05745595130610894 0.09079606837342821
905 0.05801307957995439 0.09073201125206073
906 0.05749311192112899 0.0908234402210911
907 0.05738401385118354 0.09127409481849284
908 0.057876844782723966 0.0911685902751488
909 0.05697923370268483 0.09160000456822218
910 0.05729151867635208 0.09215862668806828
911 0.057119501803530384 0.09229826143529976
912 0.056998560508303917 0.09064219663926143
913 0.05728858061215012 0.09047425917487618
914 0.057159412194820326 0.09211552751017184
915 0.05694270387854297 0.09005734034523398
916 0.0568764745140241 0.09063014535596106
917 0.05752410508949451 0.09195793216833455
918 0.05754189368758296 0.09084753777997323
919 0.05840524365011237 0.09210892187381467
920 0.058085801747835536 0.09236843454755367
921 0.0578881835027148 0.09038785911816818
922 0.057454818522179596 0.09148331874807995
923 0.05787983796214488 0.09211102584424279
924 0.057505613248648224 0.09076276025230758
925 0.057397767285460664 0.0915991740453221
926 0.057979198495688306 0.09117825645232432
927 0.05721690042256337 0.09164478418552849
928 0.057602687238019215 0.09105643501578572
929 0.0582927908053466 0.09282233418077403
930 0.058439056373316596 0.09223702914159035
931 0.05865924330973326 0.09248246992464487
932 0.05776142494585189 0.091182351257187
933 0.05783175337522705 0.0917824162468386
934 0.058510465741895994 0.09307943918362238
935 0.05794754164427498 0.09153925646683365
936 0.057392816275423954 0.09051016785936102
937 0.05716868342896357 0.09061649048171193
938 0.05764606329225546 0.09127384018905972
939 0.05834578396156292 0.09087983172264646
940 0.05801203428530879 0.09269206512017936
941 0.05764649244672334 0.09211770087655409
942 0.058208121222764905 0.0919841249757048
943 0.05886840539313632 0.09192589099711618
944 0.0579983138249213 0.09057840297639132
945 0.05767516311444764 0.09113166489021673
946 0.05816082689896772 0.09197269405527111
947 0.057460135660461195 0.09090344947748084
948 0.057492458865324156 0.09092307838359458
949 0.05744071575165204 0.09160644444305188
950 0.057247938051906394 0.09132618390853549
951 0.05832593359881214 0.09144400251054123
952 0.05721680996915009 0.09231943519174451
953 0.0571279967798909 0.09298265720882784
954 0.057925868813333475 0.09091276218346007
955 0.0585163359506683 0.09241429772346994
956 0.058544931684479336 0.09067030413278562
957 0.05743619199275195 0.09009295297193885
958 0.05733434123764544 0.09083781316476738
959 0.0567838772097197 0.08983723124973964
960 0.057038780040517066 0.091020578133511
961 0.05706649771368023 0.09042729375472476
962 0.05746555978818698 0.09046983534294761
963 0.057553479447336305 0.09035461122054175
964 0.057906909004602075 0.09373559301066003
965 0.05728271304604578 0.09224283974513856
966 0.05773286800246437 0.09113470922774866
967 0.056957278708665626 0.0911376681250756
968 0.05651223814110423 0.09169464846544212
969 0.05702446008374736 0.0904546917738295
970 0.05659735211931791 0.08986097868589567
971 0.056493831492655744 0.09388929884154724
972 0.05721385461170728 0.0900859639291122
973 0.056583372364495836 0.09170168951504788
974 0.05654472143332792 0.09079674467833775
975 0.056856937779212385 0.09239356332185072
976 0.05677871295639187 0.09195504475721762
977 0.05765727348795957 0.09182200779480694
978 0.05735036958434606 0.09119807028846152
979 0.05700538805077833 0.09434674658231898
980 0.05668299846396936 0.09243616574082178
981 0.056711341115971876 0.09139967477170946
982 0.05736437354135039 0.0909599894632102
983 0.05666905207979416 0.09039007703852825
984 0.05727212809244077 0.09025192257602195
985 0.05691442892061434 0.09006649331471053
986 0.0567472216334342 0.08954318061227036
987 0.05690535730591556 0.09171889492769848
988 0.05649599137730492 0.09060643353488806
989 0.0568709321861345 0.09116536556236748
990 0.05674950174175249 0.09216711091009423
991 0.05639905082489326 0.09071655499276941
992 0.056253695050548565 0.09061535401743329
993 0.05654325912299362 0.09313816498076172
994 0.0565794277019688 0.09026675923295227
995 0.05653648811797811 0.09212290281497038
996 0.0569119501348662 0.09255666151848163
997 0.05673540032324157 0.09010561980281209
998 0.05630054766562831 0.09038995070290408
999 0.05669169583194712 0.09071445405102764
1000 0.0558645798969967 0.09215794469940372
1001 0.05673241472111026 0.09109754343298782
1002 0.056983359593284856 0.09021821527800875
1003 0.0566416152642552 0.0902752595493926
1004 0.05636335901671781 0.0910242233877213
1005 0.056494544544086193 0.09305443957190503
1006 0.0563156808685715 0.09238559474569048
1007 0.05646756431036405 0.09046277898487669
1008 0.05621308302044039 0.0914676697626278
1009 0.056064894901123326 0.09145456977667567
1010 0.05618210464621267 0.09065693228752934
1011 0.05588794281405304 0.09141807837403347
1012 0.05595917822807282 0.0913455886916546
1013 0.05633035846311315 0.09089103778263627
1014 0.05599934646258704 0.09139763543829377
1015 0.05668443942307312 0.09122631881951565
1016 0.05591384431492404 0.0902433778386445
1017 0.056384110997979124 0.08999508714577877
1018 0.05667572869165305 0.09120467322044878
1019 0.05604700857492736 0.09314408148973392
1020 0.05591759927724039 0.09377169502678395
1021 0.0557301435596993 0.09019580819695351
1022 0.05703416609147202 0.09098409232570907
1023 0.05637938212167846 0.09021876358933825
1024 0.05571936356573796 0.09073793993049156
1025 0.05591549720747866 0.09047943442480343
1026 0.05569703372839025 0.09061035271786883
1027 0.05634696340507647 0.0892788138616971
1028 0.05541973834085801 0.09077816455659189
1029 0.05568342896959687 0.09094442040495426
1030 0.055348221423518175 0.09053721565706008
1031 0.05590754238713941 0.09028151163300405
1032 0.05565334759322609 0.09136192843715628
1033 0.055506213106031536 0.08984987880223838
1034 0.055404827012716235 0.08984455800680095
1035 0.05535159239353358 0.08986563905287802
1036 0.05598135768402866 0.08986287276036632
1037 0.05561067349518591 0.09218673018211916
1038 0.055764565537635424 0.09213571273341119
1039 0.055255495457600105 0.09001071193634774
1040 0.05528543309662878 0.09168373835153115
1041 0.056106974127612196 0.09054859560182348
1042 0.05593801363299589 0.08976318132583448
1043 0.055487007497887236 0.09088361320853926
1044 0.055346350258329326 0.08975892773448292
1045 0.055907266093046824 0.09446779513521605
1046 0.055644532212978506 0.09133443751808089
1047 0.056000203645920586 0.09056220146339483
1048 0.05657722934030083 0.09000013064007824
1049 0.056889596296053724 0.08993408371886283
1050 0.05634006025865354 0.0900744505783215
1051 0.0562829139020864 0.09064524663292566
1052 0.0563827328462912 0.09175797757191712
1053 0.05523024455017553 0.08963482106513933
1054 0.05502388179658802 0.0893744408040538
1055 0.05500859978835135 0.09019164117154493
1056 0.05532771715465876 0.0900221613425604
1057 0.055269156837491035 0.09001350320495559
1058 0.05615539091146846 0.09050136830681609
1059 0.055842267373334885 0.0920029191767107
1060 0.05685499534718825 0.09000703923448918
1061 0.05558679075232942 0.08995286604803691
1062 0.05584805860908899 0.0911544593218986
1063 0.05577815571040741 0.092363154890521
1064 0.055451059118696806 0.09096522041812802
1065 0.05524753297724833 0.09079152335415529
1066 0.05506172773908906 0.09053177775256684
1067 0.05483302706605845 0.09077925867714601
1068 0.05594745545596101 0.09056915084392195
1069 0.054993907541231055 0.0893529779664601
1070 0.05486317264969695 0.09193890529115771
1071 0.055211886613274884 0.08964504683936143
1072 0.05474424513813904 0.08935144267165905
1073 0.05475874956349405 0.08958566575842115
1074 0.055411768050344416 0.09092562804399003
1075 0.05572555730035338 0.09029665856249296
1076 0.05525661942965628 0.09078362667642566
1077 0.05605178118992396 0.09242054170305575
1078 0.05664776074287342 0.09038207438622826
1079 0.055385054807878475 0.08994266440844638
1080 0.05621594894555126 0.09050229819351158
1081 0.05512037350550275 0.09048357660910945
1082 0.05563241176754665 0.091192515073169
1083 0.05499602214239832 0.09158257249870154
1084 0.05586793812414716 0.09091331486911251
1085 0.05531154577187736 0.08993587276780134
1086 0.055567324914721765 0.08982797588491949
1087 0.05522642587523818 0.08974617864049567
1088 0.05577072116502179 0.09054412189795226
1089 0.055315758733562814 0.08943952278155867
1090 0.05523308333370714 0.09118185825034039
1091 0.05508694020870014 0.09114823486590296
1092 0.055390915974049826 0.09053746036210313
1093 0.05508530501037776 0.09068095850543283
1094 0.055133160830100225 0.09076857503202113
1095 0.05566470403435396 0.08970259145463265
1096 0.05529432476893055 0.0891969717870539
1097 0.055669325465051614 0.09026681057742426
1098 0.05490761067006569 0.09024852176802414
1099 0.05528983676995609 0.08963101628020198
1100 0.055001914998697755 0.08932878751534212
1101 0.054930006363170324 0.08946443865139703
1102 0.05483592067713294 0.0904250557160303
1103 0.05558027136787962 0.09119844378596946
1104 0.0549636216443622 0.09078697425873412
1105 0.055157717358245026 0.0908437484539984
1106 0.055123596964757486 0.09093215514470178
1107 0.05490040363284179 0.09049950652181309
1108 0.05472539440585755 0.0889362801607658
1109 0.05458041907985327 0.08981396674827881
1110 0.05528731732238683 0.09104774083365262
1111 0.05512156139505031 0.09114813968985222
1112 0.05487600141385576 0.08942025949357048
1113 0.05512177823663409 0.08999058899818331
1114 0.055340121748824835 0.09195155213000102
1115 0.05518163821699662 0.09004217814664514
1116 0.054898645722025144 0.0895859552981047
1117 0.05611910847719747 0.08966552571467867
1118 0.05596187862580215 0.08998097079096183
1119 0.05481382653387549 0.08981570636195972
1120 0.054783621481647046 0.08936694281010339
1121 0.0550713723031094 0.09222627520191004
1122 0.054670686249769104 0.08944024480144554
1123 0.054463975062089526 0.08974568948498557
1124 0.05476629044995199 0.0901390242117215
1125 0.05492333389321267 0.0911663235752169
1126 0.055505859132138936 0.08909504035631838
1127 0.05479915550614206 0.09083596687998348
1128 0.05545752448725172 0.08990174594579271
1129 0.054996184591724305 0.08948012836151618
1130 0.05445384484794874 0.08953634733984066
1131 0.054434445811862846 0.09016295830386273
1132 0.055696317098104485 0.0914428137737237
1133 0.05489977808236794 0.09037512877958664
1134 0.05477301035278445 0.09018264514939703
1135 0.054524994535604734 0.09159881459600194
1136 0.05460271296401581 0.09007000072689793
1137 0.054791679734828166 0.08976807065704456
1138 0.05436499655078909 0.08995095185344688
1139 0.05443082222045979 0.09050761102633836
1140 0.05572490150475583 0.09155802161389986
1141 0.0545543217914239 0.09016581573374327
1142 0.054396416221070325 0.08955723337880517
1143 0.0554268695461655 0.09371019225981084
1144 0.05600917262439387 0.09342335699263292
1145 0.056306710358264 0.09509064067249555
1146 0.05592266013309046 0.0906401237189458
1147 0.05531431115596865 0.09126602656610473
1148 0.054571129490179116 0.09134812715267959
1149 0.05481277272120984 0.09104381725892267
1150 0.05448446874369359 0.0896216074388402
1151 0.054392480084159034 0.08979587710679834
1152 0.054160906906613834 0.0897077343422204
1153 0.054418874213439834 0.09028453638400154
1154 0.05426740825443499 0.08993775568502063
1155 0.05430902611981769 0.09214503267508978
1156 0.0556360966382363 0.09042780424553855
1157 0.05471368861116584 0.09002376523435436
1158 0.054589110416311495 0.09131427452736605
1159 0.05481655590111321 0.09231931059751113
1160 0.05448206075405603 0.08995266828983639
1161 0.054357082903753934 0.09014069700000381
1162 0.054839651655697985 0.09015478772959606
1163 0.05435961911898911 0.08950551846742383
1164 0.05508713883933681 0.09104878113176622
1165 0.05549489575063059 0.09136150414116112
1166 0.05461259313328514 0.08969806475929233
1167 0.05454060750675123 0.09062746700274978
1168 0.054714304215260474 0.08921330087838783
1169 0.0546020993482167 0.0906613114327171
1170 0.054762692537200806 0.09013474928166894
1171 0.054516286061500475 0.09187352214546209
1172 0.05454122040329528 0.0908319251053336
1173 0.05460888794964271 0.09007349815630937
1174 0.054609515361729775 0.09078434224894642
1175 0.05441006196698896 0.09060237932211078
1176 0.05442409505776565 0.09012514707511414
1177 0.054409894466587984 0.09071763637849896
1178 0.05451879973810575 0.08954448520025853
1179 0.055881615017897596 0.09221555447197542
1180 0.054238993955996934 0.09023764675961052
1181 0.05472247466892833 0.09033962669833227
1182 0.0542912582716445 0.09040788706797658
1183 0.05408660901527832 0.08981666091898956
1184 0.0541982363371843 0.08957365991196314
1185 0.05423673399857317 0.09030580505673201
1186 0.054074599637920676 0.09063860745022706
1187 0.0540264038508736 0.09051151258288213
1188 0.054067719665551545 0.08972562076412692
1189 0.05424968208339654 0.09133878590212632
1190 0.0547125872871692 0.09034202997944682
1191 0.05408119386177566 0.08978841059459533
1192 0.05410933926701112 0.08945785795421937
1193 0.05476693486475369 0.09020417270780441
1194 0.05438837558686546 0.09020737258291428
1195 0.05408846832137016 0.0900217622807967
1196 0.05398484106101858 0.0895969917537563
1197 0.05441201193822522 0.09093756249749632
1198 0.05530467705956962 0.09023484930994127
1199 0.05455376584042542 0.09067725724058555
1200 0.05422173132554374 0.08992374237509818
1201 0.05414462400548534 0.09017759825780565
1202 0.0540179473197726 0.08996441514147821
1203 0.05420790415673823 0.09070612769633468
1204 0.05497687367512794 0.08994752369073707
1205 0.054123623356810674 0.09125859667125355
1206 0.055965278114579416 0.09099040457321059
1207 0.055829094735240656 0.09037347453155051
1208 0.05543401411077787 0.08968269319956501
1209 0.054351784120240006 0.09009247502539235
1210 0.054428256527493536 0.08989565203680734
1211 0.05441945275934284 0.08993042243683909
1212 0.054555179811194725 0.08943277174312583
1213 0.054123005451184265 0.09051219434833192
1214 0.053989804285234935 0.08983152993481922
1215 0.054054709412116 0.08951156952752634
1216 0.054898434050228186 0.09314603062848505
1217 0.05473105420289056 0.09035121917530618
1218 0.0540315135443537 0.09169266737127953
1219 0.05413248194960868 0.09083494087324885
1220 0.053964300002326895 0.08960209607907162
1221 0.05417405362607976 0.09005294881112672
1222 0.054079919079866 0.08986022581541549
1223 0.053979693241313874 0.08952663960633807
1224 0.053905594043524525 0.09019494232525115
1225 0.05390881912688746 0.08977490693754356
1226 0.053814864146515796 0.08977792378491012
1227 0.05378538267811754 0.08969923330741213
1228 0.05383479791029777 0.08977729560295343
1229 0.05378222554832348 0.08979245249872918
1230 0.053774445222349615 0.08982253798840044
1231 0.05376294295091365 0.08980685291308114
1232 0.05376277813445999 0.08982155166256595
1233 0.05377367515565737 0.08985198917058952
1234 0.05376061058530477 0.08988610233424678
1235 0.05375809021624788 0.08986166199800516
1236 0.05375347655461795 0.08988971877833166
1237 0.05375197646074939 0.08988942858584634
1238 0.05374767352553573 0.08988031259955699
1239 0.05374479752717763 0.08987009340654364
1240 0.05374099217242199 0.0898654021885087
1241 0.05373717976785793 0.08986673729402185
1242 0.05373319070174124 0.08987547798025569
1243 0.053729246780492255 0.08988658680405305
1244 0.053725410942541935 0.08989855793407868
1245 0.053722778169565395 0.08990921611019612
1246 0.0537202188125123 0.08991722829641473
1247 0.05371977276660213 0.08992514031617853
1248 0.053719191957814716 0.0899327803329445
1249 0.053719647419907854 0.08994041832495037
1250 0.05371992071284792 0.08994874712317366
1251 0.05371720552046116 0.08995306939040937
1252 0.053711170815591146 0.08995286474933047
1253 0.05370356693054115 0.08995323786122023
1254 0.0537017579192457 0.08994564417105246
1255 0.05369977643808521 0.08994904016137831
1256 0.05369930059547531 0.0899368436472423
1257 0.053697052099198526 0.08993596206684866
1258 0.053695721320562405 0.08992932167183931
1259 0.05369322900634684 0.08992887688169407
1260 0.05369195900371639 0.08992100901581604
1261 0.05369118332195295 0.08991682751484391
1262 0.05369440918003683 0.0899331533614434
1263 0.053707061178934375 0.08997902602337418
1264 0.05370185507804449 0.08988755109229908
1265 0.05370814474100314 0.09006886759017399
1266 0.05372965360477366 0.09001506406009567
1267 0.05370004099860087 0.08979391387078912
1268 0.053685502517455616 0.08987829030726233
1269 0.05369926613677844 0.08994545047319423
1270 0.05369016813167167 0.08991359020216425
1271 0.053674065514526255 0.08992015391177068
1272 0.053671479940316354 0.08996344510986219
1273 0.05368174517507531 0.08991254565557448
1274 0.05367257095418373 0.08991153143822876
1275 0.05366767406592872 0.08991920973605508
1276 0.053661170745111786 0.08996961478331565
1277 0.053661095618648576 0.08998562176586238
1278 0.05366159482061208 0.08998391564012095
1279 0.05365888550450758 0.08999432909767885
1280 0.053654664034315874 0.09002121345120584
1281 0.053650472789533235 0.09004821009481494
1282 0.05364652224719527 0.09006486924291017
1283 0.05364273077280953 0.09007583374125339
1284 0.05363914593646293 0.09008514870134102
1285 0.053635641491326276 0.09009241359933985
1286 0.05363214417906405 0.09009612509701924
1287 0.05362866720699606 0.09009620527598942
1288 0.05362522737068328 0.09009385883319636
1289 0.05362183531995012 0.09009037711379181
1290 0.0536185107542307 0.09008656051893044
1291 0.053615269315044525 0.09008276318616633
1292 0.05361211764538938 0.09007907484267072
1293 0.0536090632313182 0.0900754778617824
1294 0.05360611922038884 0.09007194545928843
1295 0.053603300023729095 0.0900684852816853
1296 0.05360061540321865 0.09006515049346435
1297 0.05359806758396424 0.09006202944130312
1298 0.05359565143151931 0.09005922173781258
1299 0.053593356326134864 0.09005681046432384
1300 0.053591168373525365 0.09005483788710565
1301 0.05358907207477856 0.09005328768818353
1302 0.05358705119761518 0.09005207400751163
1303 0.05358508910077209 0.09005103753611772
1304 0.05358316902738935 0.09004995051732609
1305 0.053581274866601636 0.09004853411935371
1306 0.053579392588208326 0.09004649128560754
1307 0.05357751203843684 0.09004355452356959
1308 0.05357562827825489 0.0900395419845626
1309 0.05357374157060217 0.0900344102394652
1310 0.053571855644906234 0.0900282924536593
1311 0.053569974352312595 0.09002151486746564
1312 0.05356809657288188 0.09001458416237111
1313 0.0535662094205 0.09000813233729475
1314 0.05356428265228095 0.09000281286611493
1315 0.0535622706539979 0.08999917337776127
1316 0.05356012543221099 0.08999755656425917
1317 0.05355781444258884 0.08999806765837597
1318 0.05355533221961964 0.09000060561329055
1319 0.0535527006175903 0.09000492521028643
1320 0.05354996079882331 0.09001069780355694
1321 0.05354716278899399 0.09001755750577746
1322 0.053544356308269446 0.09002513583440952
1323 0.053541584062837363 0.09003309151771177
1324 0.053538877760383956 0.09004113686253286
1325 0.05353625701300819 0.09004905622584215
1326 0.05353373082778068 0.09005671222106844
1327 0.05353130061242616 0.09006404087635954
1328 0.05352896335355159 0.09007104207774638
1329 0.053526714116264446 0.0900777724172355
1330 0.053524547735000434 0.0900843456129927
1331 0.053522459991828086 0.09009094418563429
1332 0.05352044867592408 0.09009784611355702
1333 0.05351851493913538 0.0901054702089377
1334 0.053516665550459086 0.09011443944764203
1335 0.05351491708831908 0.09012564182291437
1336 0.05351330323347221 0.09014021440531751
1337 0.053511883427040954 0.09015928610070534
1338 0.0535107403270637 0.09018332372858481
1339 0.05350994116299284 0.09021140801174722
1340 0.053509457574452024 0.09024150702970235
1341 0.053509074698123424 0.09027171828928096
1342 0.053508290738517296 0.0902991646476187
1343 0.05350629103841807 0.09031504070420744
1344 0.05350241212039561 0.09030978291281928
1345 0.05349701622721267 0.0902888514637557
1346 0.053490848210778374 0.09026605613506761
1347 0.05348420130594424 0.09025742667664732
1348 0.05347810924808182 0.09026174566563135
1349 0.05347333839570018 0.09026644172673645
1350 0.0534699533493349 0.09026460500562701
1351 0.053467739815157046 0.09025620530035605
1352 0.053466688408910445 0.09024149342341373
1353 0.05346724342791975 0.0902168779478358
1354 0.053470889726093804 0.09017214552842436
1355 0.053481158634194614 0.09011032152788251
1356 0.053497555539150934 0.09008011914356559
1357 0.05350472419761698 0.09008618019150849
1358 0.0535105085982226 0.09009438360294136
1359 0.053504035837112864 0.09015624582381651
1360 0.0534956999643638 0.0902398988285732
1361 0.053487916364938846 0.09024026108034865
1362 0.05347090289320561 0.09039277760217876
1363 0.05346162105347035 0.09049617383272104
1364 0.05345329273544469 0.09056398753007663
1365 0.053444358298903066 0.0905768886407191
1366 0.053434083200257096 0.09059203457744079
1367 0.0534268577354606 0.09058814775129255
1368 0.05342171410794546 0.09057158115107608
1369 0.05341614771981453 0.09055842966240019
1370 0.05340976247143752 0.09054708648388034
1371 0.05340259967119131 0.09053968329628001
1372 0.053394906268801494 0.0905365575199526
1373 0.053386898457437916 0.0905342885191856
1374 0.053378813678041453 0.0905302590575016
1375 0.053370860021798805 0.09052347203263443
1376 0.05336317494970496 0.09051421094870925
1377 0.053355866425276566 0.0905037455016041
1378 0.05334909271427621 0.09049354637086535
1379 0.0533430703160735 0.09048424300908293
1380 0.053337986265279316 0.0904753500926599
1381 0.05333383930800008 0.09046623007379173
1382 0.05333033409529139 0.09045699485495148
1383 0.0533270926673634 0.09044781348897982
1384 0.0533239287984837 0.09043831578152414
1385 0.05332080883895768 0.09042795728211572
1386 0.05331770382896262 0.09041670756999413
1387 0.053314493988310736 0.09040548326833692
1388 0.053310935924978244 0.09039588627178614
1389 0.05330672731142398 0.09039000055805978
1390 0.053301700145061214 0.09038997949901181
1391 0.05329608037135963 0.09039534128609966
1392 0.05329047140434377 0.09040064373555698
1393 0.05328537928465187 0.09039882812028369
1394 0.053280930880622426 0.09038797703239611
1395 0.05327710226153734 0.09037190195688671
1396 0.053273887467481774 0.090355704403758
1397 0.053271332888102145 0.09034293659205281
1398 0.05326960222335304 0.09033509300881132
1399 0.05326903441754868 0.09033146474095381
1400 0.05327004185935329 0.0903287765582291
1401 0.0532724555871543 0.09032131210245277
1402 0.05327512438314499 0.0903022326619394
1403 0.05327686387240519 0.09026781600304046
1404 0.053278491501371754 0.09022512057757621
1405 0.05327513539548658 0.0901939524901365
1406 0.05327205027393797 0.09016239665077845
1407 0.05325497109900863 0.09017088088400417
1408 0.05324253178742151 0.09012959549443027
1409 0.053236804691335786 0.09010113484210665
1410 0.05323165175588108 0.09008266536257983
1411 0.053227256838782155 0.09007221905165272
1412 0.053224145495928646 0.09006431237115356
1413 0.05322184312592446 0.0900555763027809
1414 0.053218569810236156 0.09004374993486422
1415 0.053211998202886635 0.09003044578199582
1416 0.053204359018572754 0.0900204690244006
1417 0.05319871322702662 0.09001273750320023
1418 0.05319469972354607 0.09000541788879314
1419 0.05319156319661573 0.08999856715977712
1420 0.05318893034994301 0.0899924521977887
1421 0.05318662935516695 0.08998715656049244
1422 0.05318456931043194 0.08998270019615177
1423 0.05318269561896897 0.0899791004940569
1424 0.053180973258565925 0.08997639476863796
1425 0.05317937986325904 0.08997465793172192
1426 0.053177903123415346 0.08997401999491496
1427 0.053176541063824044 0.08997468174641007
1428 0.053175305957918785 0.08997691901466763
1429 0.053174235330084293 0.0899810423536459
1430 0.05317341854712375 0.08998722135278807
1431 0.053173058239377125 0.08999504058750939
1432 0.05317361698187702 0.09000333402130836
1433 0.05317617211381105 0.0900143064617061
1434 0.053182544698446285 0.09004920141813011
1435 0.053191341102091345 0.09012076839542167
1436 0.05319199373655171 0.09011953602152722
1437 0.053181715613670855 0.09010953423103134
1438 0.05317068740504253 0.09011340985359025
1439 0.05316564071239973 0.08999276210079689
1440 0.05316408363377711 0.08997295908181892
1441 0.05315815211539416 0.08994624963542139
1442 0.0531553665810737 0.0899342866228997
1443 0.053153456067947455 0.08992566526927223
1444 0.05315220407012593 0.08991919616380359
1445 0.053151722902582944 0.08991555665488914
1446 0.05315252373622743 0.08991904907602442
1447 0.053157281542987274 0.08994330387730783
1448 0.05318142665730089 0.09003048137621855
1449 0.053180448113842434 0.09009875766533142
1450 0.05321611012122078 0.09021531810466821
1451 0.05340603065072249 0.09627761041348767
1452 0.05747301992864516 0.09331424949265267
1453 0.05657879755575029 0.09378477995967159
1454 0.05795704004089031 0.09448841320992729
1455 0.05717023679790231 0.09257671121354967
1456 0.05816428089914606 0.09736772265316797
1457 0.05724787221340966 0.09641786060399067
1458 0.0558256138661918 0.09241228657719557
1459 0.05648265422311042 0.09137086450130724
1460 0.056593788625333576 0.09268831531295571
1461 0.057385149492353425 0.0928450389555856
1462 0.05624899419089523 0.09138599227468581
1463 0.05526389306272242 0.09123759186891367
1464 0.05683814777458543 0.09302696779257501
1465 0.05591781136817978 0.09121227948887571
1466 0.055619911026602444 0.09294804722159637
1467 0.05623148741871105 0.0935067970583369
1468 0.05624466998627662 0.09194867776940024
1469 0.05655390970479579 0.08969979230030736
1470 0.056002917057631815 0.09169148466605244
1471 0.05619761469918159 0.08969609309722892
1472 0.05524024159332689 0.09087195395413791
1473 0.05508079846118578 0.08985889367044007
1474 0.05514593783434261 0.08917093735455218
1475 0.05520107143627522 0.0907614927293629
1476 0.05506019177502657 0.09361723663935545
1477 0.055654155237443714 0.08969023247276423
1478 0.055139595702714934 0.09209591679412359
1479 0.05644104500818258 0.08998265417937841
1480 0.055527011247731385 0.09240703669157413
1481 0.05551705399762449 0.09207187968102018
1482 0.05502703292459049 0.0911488804602663
1483 0.05589811505849871 0.09212089691337708
1484 0.05557995287034561 0.09029055391409838
1485 0.05468667740923383 0.09092320450997729
1486 0.05422030994101655 0.08907760876084278
1487 0.0546059746888037 0.08977827095346101
1488 0.0540050962633682 0.09014580627401635
1489 0.05432256716136173 0.09149241744216796
1490 0.05475022685495067 0.09521271954687702
1491 0.05460293747241893 0.090066086406645
1492 0.05453675547046689 0.08890656207592738
1493 0.05463294871943209 0.0912634817116088
1494 0.05592028626198017 0.0901348234603427
1495 0.0547219290243865 0.0901134169120612
1496 0.05464322193961706 0.0916053447736265
1497 0.05425767169766168 0.08927822758980569
1498 0.0550612985320814 0.09293353227563847
1499 0.05486289725635878 0.09145391133125305
1500 0.054433609439460386 0.0901583364493484
1501 0.05402642218929923 0.08949019177025014
1502 0.05367200392087455 0.0894885705629599
1503 0.05356664147360398 0.08913443276421619
1504 0.05399222532146684 0.08935543404480233
1505 0.054118454606078795 0.09103877650871293
1506 0.05542585166447347 0.09040253050291372
1507 0.05433031770156798 0.0920602278590442
1508 0.05556669149523344 0.08938484778973227
1509 0.05479158989632886 0.09225542376477999
1510 0.05545077880615948 0.09017350636068645
1511 0.05402324479350943 0.09003961537896175
1512 0.05392260305173683 0.08879914101969963
1513 0.05431798991954379 0.0909583516172893
1514 0.05375616833100142 0.08878408363352101
1515 0.053880479584898146 0.09095860402281389
1516 0.054175309895293046 0.09054933016186474
1517 0.053457847329519824 0.08886795275910922
1518 0.05381077812234157 0.0928804368262616
1519 0.05474205690970013 0.09017531500767009
1520 0.05355701538765904 0.08950670620143729
1521 0.05347701953869691 0.08923422597889263
1522 0.05365047376263998 0.08933840258754099
1523 0.053304748364984854 0.0892213565256488
1524 0.05370525818105546 0.08886649323568778
1525 0.05352635849418861 0.0892416133939324
1526 0.05346710988689154 0.08921396313990466
1527 0.05345455997681318 0.0919772616915577
1528 0.054748868433190254 0.09002456229160839
1529 0.05470056617264177 0.09085660397933518
1530 0.053979017829938726 0.09023646827223152
1531 0.05387397823812646 0.09073560567404694
1532 0.054546050293246405 0.09054872390069925
1533 0.055203903721639955 0.0911037783904376
1534 0.05415137828036423 0.08944728477748853
1535 0.05351662428526658 0.09115968692717451
1536 0.055153413882567795 0.09024415363729285
1537 0.05474254140338899 0.09325947759402271
1538 0.054348370951123486 0.08966210283574134
1539 0.053624149742755804 0.0895934269978771
1540 0.05429079926394646 0.0902875580921598
1541 0.05413791370532121 0.09110013044562901
1542 0.05349588505492117 0.08907247592142861
1543 0.053800402538413006 0.09030817196971389
1544 0.05381228100517391 0.08929314076419166
1545 0.053503591269034666 0.08919287177316297
1546 0.053671881190686666 0.09094934949169912
1547 0.0546544914534697 0.08945996791605715
1548 0.05399481013878655 0.08983841785333202
1549 0.05336596043862756 0.08917352476211857
1550 0.05331670164297428 0.08935176008169551
1551 0.05358548275079501 0.08934512138249404
1552 0.05350391059017128 0.09083004260612448
1553 0.05341460965575418 0.0891785855708774
1554 0.05334479733235118 0.08902735807525976
1555 0.05389029860772044 0.08982640102617831
1556 0.05340417674970391 0.08916417820035612
1557 0.054163070380655695 0.09118517337685804
1558 0.054572904502800924 0.09154162642542317
1559 0.05391222841964898 0.08962532693053245
1560 0.05385479355793978 0.09016477498507453
1561 0.053454209900303216 0.08942897685824916
1562 0.053674553479925904 0.08961108860142245
1563 0.053920362514459155 0.08950056066737373
1564 0.05428243571304838 0.09002132132137061
1565 0.05490555590852318 0.09048892333805399
1566 0.05355778764486903 0.08921472951023916
1567 0.053431310624770696 0.08948809811047688
1568 0.05331458191884265 0.08893085855930315
1569 0.053158226155021915 0.08899488026239
1570 0.053102940851712986 0.08891609069414896
1571 0.05316430226997037 0.08903329667545624
1572 0.05322997717110114 0.08978635179046328
1573 0.05313927432564483 0.08899839541428257
1574 0.05307768035652833 0.08902309325897301
1575 0.05305401924783774 0.08901526533183689
1576 0.05304098368407234 0.08896267967565252
1577 0.053067854727410116 0.08897067137398469
1578 0.05306503557655198 0.08904600352805223
1579 0.0530507768484322 0.08932050857742664
1580 0.05309335808821483 0.08909179442470228
1581 0.0530663869400471 0.08940627582914192
1582 0.053040388520493066 0.08947976175470626
1583 0.053034401743351535 0.08946662595130506
1584 0.05299888382410626 0.08973324850697585
1585 0.05299592552590322 0.08963570732556804
1586 0.05297544298738595 0.08968428079885027
1587 0.05296874007448374 0.08969637892829557
1588 0.052964519595891046 0.08971990824406648
1589 0.05296073937253673 0.08974981600594197
1590 0.05295770235707785 0.0897898096704499
1591 0.0529552464768667 0.08983968764065706
1592 0.05295370115204236 0.08989842546565112
1593 0.052953782204700026 0.08996284426591197
1594 0.05295640019407849 0.09003291298008412
1595 0.05296126461499389 0.09012128181619435
1596 0.05296660972213794 0.09022591620863028
1597 0.052967481667903715 0.09028713880281959
1598 0.052954256631917274 0.09022469701228404
1599 0.05293434719029296 0.09015863404062457
1600 0.05303375664314155 0.08987864141884387
1601 0.052927209939435726 0.08996511521193762
1602 0.05291366185007458 0.08969639713388933
1603 0.052904440759509556 0.08958254234384795
1604 0.05289986614947303 0.08951772463325665
1605 0.052897241922788316 0.08948093427928075
1606 0.05289510038862545 0.08946053980416334
1607 0.052893038981805994 0.08945015916950591
1608 0.05289103794899123 0.08944661114739352
1609 0.052889115773556726 0.08944732747699809
1610 0.05288727808284167 0.08945036975899237
1611 0.05288551012790428 0.08945460476535183
1612 0.05288379332766964 0.08945940379325237
1613 0.05288211535724781 0.08946438417253488
1614 0.052880470833016516 0.08946930195011941
1615 0.0528788590129662 0.08947400853383097
1616 0.052877281570121934 0.08947842350761487
1617 0.05287574103799624 0.08948251351407914
1618 0.05287423986226223 0.08948627654880005
1619 0.05287277987733017 0.08948973123314463
1620 0.05287136205031328 0.08949290976010817
1621 0.052869986389712735 0.0894958529517924
1622 0.05286865196286203 0.0894986062090192
1623 0.05286735699407817 0.08950121573829715
1624 0.052866099025893905 0.08950372500772959
1625 0.05286487512431697 0.08950617172999642
1626 0.0528636821031485 0.08950858574656781
1627 0.05286251673924959 0.08951098804742597
1628 0.05286137595395545 0.08951339091877325
1629 0.052860256945021354 0.08951579898749475
1630 0.05285915726474247 0.08951821080605214
1631 0.052858074849420275 0.08952062061407373
1632 0.052857008011056215 0.08952301999178437
1633 0.052855955403914114 0.08952539923442182
1634 0.052854915977510006 0.08952774838299961
1635 0.05285388892505609 0.08953005792278602
1636 0.05285287363348109 0.08953231920315433
1637 0.052851869638606795 0.08953452464738236
1638 0.0528508765870898 0.08953666781871154
1639 0.05284989420542031 0.08953874339777676
1640 0.05284892227549193 0.08954074711273528
1641 0.05284796061586771 0.08954267565042329
1642 0.05284700906774265 0.08954452656622865
1643 0.05284606748464541 0.08954629820250962
1644 0.05284513572502714 0.08954798962017484
1645 0.05284421364703356 0.0895496005447745
1646 0.052843301104901694 0.08955113132679182
1647 0.05284239794654721 0.08955258291518488
1648 0.05284150401203239 0.08955395684329347
1649 0.05284061913268436 0.08955525522667254
1650 0.05283974313071757 0.08955648077316491
1651 0.052838875819289095 0.08955763680644724
1652 0.052838017002970264 0.08955872730540657
1653 0.05283716647871418 0.08955975696299025
1654 0.05283632403749555 0.08956073126993613
1655 0.052835489466963044 0.08956165663095422
1656 0.05283466255571053 0.08956254052406663
1657 0.05283384310018651 0.08956339171823664
1658 0.05283303091603716 0.08956422057089938
1659 0.05283222585696768 0.08956503943683113
1660 0.052831427846641306 0.08956586323491023
1661 0.05283063693361306 0.08956671024306899
1662 0.05282985338804232 0.08956760323024751
1663 0.05282907787639608 0.0895685710977354
1664 0.05282831178698465 0.08956965131090561
1665 0.05282755785970914 0.08957089359255614
1666 0.05282682146103167 0.08957236569126188
1667 0.05282611331449684 0.08957416265856533
1668 0.05282545577886401 0.08957642214109987
1669 0.05282489870622482 0.08957934954950972
1670 0.052824565385206954 0.08958325502205358
1671 0.05282482222736451 0.08958857220574583
1672 0.05282735218247102 0.0895954633897253
1673 0.05286854910639111 0.08961314145431579
1674 0.05288972145733107 0.08971526897283996
1675 0.053118551594690984 0.08975132867218757
1676 0.05295701335319976 0.08984349718419617
1677 0.052892174433496045 0.08978327823340164
1678 0.05294766157343519 0.08973548887320397
1679 0.053634488267211705 0.09032072438832409
1680 0.05403286171095935 0.09102329529062736
1681 0.05505437803747338 0.0916993563033327
1682 0.05589830556810993 0.09308348892360217
1683 0.05691743215565527 0.09254125741527874
1684 0.055127399720221903 0.09876491757475829
1685 0.05602391108611444 0.09336425726696872
1686 0.055521154870527514 0.09117886201318222
1687 0.05577962748912715 0.09153374238157667
1688 0.05489762722396617 0.08988615286857372
1689 0.05387910318561689 0.09067625291658195
1690 0.05337881345369933 0.08904836427896937
1691 0.053576518876601836 0.08950999617200482
1692 0.05316814990556055 0.08999882425620562
1693 0.05334425952154249 0.08877288025897469
1694 0.05308874677678343 0.08906139116840957
1695 0.05302526224671782 0.08907254197418439
1696 0.053154869404904326 0.08924624680378021
1697 0.05304455296394314 0.08865794646700141
1698 0.05386393778678459 0.09205893502049659
1699 0.05402215803502464 0.09197252740507796
1700 0.05491531771362225 0.09340897118574253
1701 0.054277601964302806 0.09028626075006138
1702 0.05336965009520164 0.0905619955644479
1703 0.05303431891258617 0.08876674011520273
1704 0.053411985571744806 0.08921184758535607
1705 0.05358258671517842 0.08861308767117625
1706 0.0528886161534453 0.08866952888629002
1707 0.05295439658093325 0.08858086489829846
1708 0.05284072236798107 0.09063766337402646
1709 0.05304500717741736 0.08863668009183957
1710 0.053036578629128216 0.08897595654126057
1711 0.053117523358322226 0.0910371141140767
1712 0.05422267349371703 0.09324756967243183
1713 0.05430627402166132 0.09023535293047703
1714 0.0541171715996226 0.09101993172601508
1715 0.054239929363501936 0.09060251891922992
1716 0.05445877882821381 0.09215094009342162
1717 0.054010105096389906 0.08906930432895063
1718 0.05279848815306926 0.08994320742850194
1719 0.05316109180172627 0.0907797824292322
1720 0.05282590522763653 0.08958995724694395
1721 0.052688992984929316 0.08924644122881162
1722 0.05266051067952984 0.08862551842912486
1723 0.0526075379319128 0.08837241972666704
1724 0.05256685578630501 0.08840757643138854
1725 0.0525573727244752 0.08841734917875681
1726 0.05254950037221292 0.08845400399224283
1727 0.05254359283941162 0.08847933997281983
1728 0.05253801559590357 0.08851242940379152
1729 0.05253208056878111 0.08852582756148925
1730 0.052527473816252564 0.08853778368264639
1731 0.05252809229257865 0.08851816156445576
1732 0.052540059097024354 0.08845208959512336
1733 0.05254165382648579 0.08850043030605603
1734 0.05255134742327749 0.08857455461443664
1735 0.05255152632233811 0.0885740258527994
1736 0.052543421523544624 0.088597027266269
1737 0.05253303832305794 0.08859299573568902
1738 0.052516317779377965 0.08858115054081124
1739 0.052511663885095046 0.0886113195826295
1740 0.05249834163785879 0.08863911076322618
1741 0.05249461924573505 0.08864478252598587
1742 0.05249047857299356 0.08866475294852952
1743 0.05248780572088456 0.08868426204193701
1744 0.0524855990315081 0.08870287554250578
1745 0.05248361271074127 0.08871989543812069
1746 0.05248175105223861 0.08873511246527649
1747 0.05247997899798595 0.08874863516235827
1748 0.05247827725134493 0.08876073208010508
1749 0.05247663334165447 0.08877169491393903
1750 0.05247503926089758 0.08878177114106388
1751 0.052473490027908076 0.08879114658284723
1752 0.05247198256826702 0.0887999512582976
1753 0.0524705148961532 0.08880827245774986
1754 0.05246908556494946 0.08881616775484574
1755 0.052467693327373735 0.08882367543457144
1756 0.05246633694454606 0.08883082196855668
1757 0.05246501509340688 0.08883762698235945
1758 0.05246372633475373 0.08884410635887545
1759 0.052462469115706234 0.0888502740720879
1760 0.05246124178934606 0.0888561432169914
1761 0.0524600426406037 0.08886172656880774
1762 0.05245886991182162 0.08886703689549254
1763 0.05245772182432972 0.08887208716875399
1764 0.05245659659432986 0.08887689076823488
1765 0.0524554924427514 0.08888146174648766
1766 0.052454407599647354 0.08888581521466817
1767 0.05245334030453693 0.08888996791825335
1768 0.05245228880495926 0.08889393909943423
1769 0.05245125135676775 0.08889775179256927
1770 0.05245022623152431 0.08890143478089817
1771 0.05244921173845805 0.0889050255722965
1772 0.052448206268423746 0.08890857495111619
1773 0.0524472083552913 0.0889121539589808
1774 0.05244621669481697 0.08891586458149822
1775 0.052445229892061615 0.08891985608045558
1776 0.05244424548613592 0.08892435073252962
1777 0.05244325989203536 0.0889296939939223
1778 0.052442295441296014 0.08893653960992581
1779 0.05244160535036943 0.08894688117331491
1780 0.05244211117076035 0.08896556706598824
1781 0.05244350553548093 0.08898387734599665
1782 0.052441675712744544 0.08898297153501665
1783 0.05243519247456637 0.08897374364041867
1784 0.052427748808684074 0.08897067623397281
1785 0.052421764176934726 0.08896816009675179
1786 0.05241763364871584 0.08896450353915902
1787 0.05241481951905894 0.08896125555816128
1788 0.0524126959541942 0.08895921304269297
1789 0.05241095443514478 0.08895868331668341
1790 0.052409448944381404 0.08895973118219005
1791 0.052408107420595824 0.08896231287047221
1792 0.052406891342952386 0.08896636239948084
1793 0.052405778006251916 0.08897182965431544
1794 0.052404752277064766 0.08897869464995913
1795 0.052403802435348194 0.08898697646597778
1796 0.05240291831871962 0.08899674819714233
1797 0.05240209140167258 0.08900816601990237
1798 0.05240131651878515 0.08902151805648423
1799 0.05240059364974884 0.08903728919420174
1800 0.05239992532979036 0.0890562033677128
1801 0.05239930137072713 0.08907912327854578
1802 0.05239866176354147 0.08910661030472308
1803 0.052397847237298505 0.08913826648796455
1804 0.05239661127526938 0.08917341410520677
1805 0.05239480454479487 0.08921495684189866
1806 0.05239261509487557 0.08927022670686774
1807 0.052390496289390694 0.08934056202275503
1808 0.05238876203105562 0.08941720466319995
1809 0.052387455504134546 0.08949258158440593
1810 0.05238657439805447 0.08956392164719736
1811 0.05238614394854045 0.08962987141594442
1812 0.0523861596186653 0.08968923108691743
1813 0.05238655593912838 0.08974120771090695
1814 0.052387237060061376 0.08978509468493788
1815 0.052388111826482946 0.0898199925587131
1816 0.05238909082739156 0.089844867184071
1817 0.05239006510772564 0.08985880085978322
1818 0.052390900745743124 0.08986137567658535
1819 0.05239146726770851 0.08985284576557694
1820 0.05239167723629522 0.08983331755382441
1821 0.052391467770483 0.08980079064640496
1822 0.052390675241724194 0.08974962729941187
1823 0.052388844595314496 0.08967024979065305
1824 0.052384973848515766 0.08954545953813375
1825 0.052377969423747825 0.08934864216883127
1826 0.052370448897533096 0.08924018707929274
1827 0.05238012468091602 0.08935153576072763
1828 0.05236259798863375 0.0893864129187711
1829 0.05235258109502549 0.0893835650731837
1830 0.052347981530135354 0.0893354298112806
1831 0.05234412248768112 0.08929054553019054
1832 0.05234096508342173 0.08924773145538968
1833 0.05233838326138114 0.08921113638361516
1834 0.052336249809074906 0.08918106350654324
1835 0.052334450240148586 0.08915702155821773
1836 0.05233289713985544 0.08913802478600262
1837 0.05233152699900365 0.08912303308367633
1838 0.05233029558081578 0.08911113463767711
1839 0.05232917238411613 0.08910159521908005
1840 0.05232813614812808 0.08909384753048838
1841 0.05232717174389805 0.08908746109037927
1842 0.05232626814351385 0.08908211069375359
1843 0.05232541710495715 0.08907754989002904
1844 0.05232461231409336 0.08907359063694759
1845 0.0523238488180262 0.0890700883104785
1846 0.0523231226436924 0.08906693079989768
1847 0.052322430532270876 0.08906403054693586
1848 0.05232176974283462 0.08906131866141975
1849 0.0523211378929419 0.08905874049847134
1850 0.05232053281265444 0.08905625227286214
1851 0.05231995239436757 0.08905381841830466
1852 0.052319394426838514 0.08905140948812118
1853 0.05231885641244334 0.08904900045204633
1854 0.052318335389268555 0.08904656927768448
1855 0.052317827823678185 0.08904409569060417
1856 0.05231732970982916 0.08904155996846451
1857 0.05231683708925928 0.08903894152773803
1858 0.0523163471963466 0.08903621695561069
1859 0.05231586016269107 0.08903335727942095
1860 0.052315380544610886 0.0890303251819948
1861 0.05231491723423146 0.08902707473060399
1862 0.05231448069982319 0.0890235570950289
1863 0.05231407868895491 0.08901973214123743
1864 0.05231371364407586 0.08901557926380797
1865 0.05231338385934225 0.08901110021106859
1866 0.052313086663343784 0.08900631365763649
1867 0.052312820566392075 0.08900124656379813
1868 0.05231258545896521 0.08899592691752961
1869 0.05231238184713674 0.08899037964795305
1870 0.05231221005108251 0.0889846251721163
1871 0.05231206958705498 0.08897867917059617
1872 0.0523119586018647 0.08897255244525029
1873 0.05231187319404508 0.08896625025571166
1874 0.05231180650327019 0.08895977091904117
1875 0.05231174749787689 0.08895310369655368
1876 0.052311679457866196 0.08894622622398703
1877 0.05231157828535755 0.08893910205210792
1878 0.052311411024014605 0.08893167919638024
1879 0.05231113534242707 0.08892389068855835
1880 0.0523107011284007 0.08891565763987602
1881 0.052310055442540124 0.08890689429616719
1882 0.05230915138399827 0.08889751370592612
1883 0.05230795953864287 0.08888743238394281
1884 0.05230647814570314 0.08887657134158983
1885 0.05230473706255866 0.08886484689672956
1886 0.05230279370469118 0.08885213837357889
1887 0.05230072677585994 0.0888382152774239
1888 0.05229863976192025 0.08882261017120369
1889 0.05229667837865524 0.08880443445732059
1890 0.052295041702933795 0.08878213628966462
1891 0.05229395236409964 0.08875333969954606
1892 0.05229358669236801 0.08871594893704486
1893 0.05229401078366338 0.0886720499115788
1894 0.05229520511767904 0.08862680099099156
1895 0.05229506260918019 0.0885953359117024
1896 0.05229256270769566 0.08858185480161132
1897 0.052289805536567334 0.08857544007853349
1898 0.05228723930545892 0.08857775095252655
1899 0.05228496705748883 0.08858469085402827
1900 0.05228283465483674 0.08859441602936048
1901 0.052280577210910124 0.08860774716313659
1902 0.052278079224370104 0.08862680976903665
1903 0.05227545428099 0.0886533931334069
1904 0.052272981788489055 0.08868674207547314
1905 0.05227075447819142 0.0887210492526376
1906 0.05226831721104264 0.08874776240681688
1907 0.05226551340875643 0.08876678263174294
1908 0.052262943736693136 0.08878309317481856
1909 0.0522608813974391 0.0887967184663856
1910 0.05225925243660733 0.08880567870885492
1911 0.05225797684337653 0.08880849257067475
1912 0.0522570220380073 0.08880625763531287
1913 0.05225640910271541 0.0888024297138272
1914 0.05225624622116364 0.08880070317577905
1915 0.052256770864857 0.08880358039177666
1916 0.0522584723084346 0.08881213417003486
1917 0.05226238860567895 0.08882564645193651
1918 0.052272374157388404 0.08883464011170981
1919 0.05228024854407552 0.08885230627714515
1920 0.05227265287910958 0.08890486517568001
1921 0.05226529322149572 0.08894073322659807
1922 0.05225482119016426 0.08895205846068824
1923 0.05224651347608592 0.0889632041384453
1924 0.052241594193580175 0.08898302269647193
1925 0.052237002060409765 0.08900149430730422
1926 0.05223399899295801 0.08902474907978855
1927 0.05223234400913469 0.08906408322997048
1928 0.05223151674933664 0.0891228427848338
1929 0.05223126255903246 0.08920022143925992
1930 0.052231391382348606 0.08929183240754711
1931 0.05223143237839406 0.08938011846939597
1932 0.05223057522941047 0.08943071268778645
1933 0.05222792591315398 0.08940766732135237
1934 0.05222304124082599 0.08930188232542606
1935 0.05221627652571438 0.08914720653109424
1936 0.05220832909060371 0.08899538130417986
1937 0.05220007933686057 0.08887724523271304
1938 0.05219243945432392 0.08879692981584318
1939 0.05218585011443241 0.08874709613943342
1940 0.05218022310618665 0.08872029311985327
1941 0.0521753941697789 0.08871237585665559
1942 0.05217143369029389 0.08872168896973674
1943 0.05216857048121742 0.08874813353130524
1944 0.052167001485078725 0.08879374606939405
1945 0.052166523188384765 0.08886195804737437
1946 0.052165078924517855 0.08895071494532654
1947 0.0521601451794474 0.08904227493736222
1948 0.05215439295464402 0.08913368607659493
1949 0.05215241289616995 0.08931218829262615
1950 0.05215575532345628 0.08952110824495654
1951 0.05215735532846546 0.08982226350315274
1952 0.052165608780473896 0.09017300855743467
1953 0.052185775181790024 0.09025439849276816
1954 0.054488183543933165 0.09127344720477529
1955 0.05607861394969076 0.09573290165312022
1956 0.056573730332984615 0.09353900251115446
1957 0.05598306195167356 0.09215900512419493
1958 0.05752796633101988 0.09208725527173835
1959 0.05690362626794285 0.09306698540199267
1960 0.05554535027944564 0.09429241110480115
1961 0.05557993311915537 0.09086412980410753
1962 0.0551144982532507 0.09324977225342244
1963 0.05475925842040073 0.09113165604566292
1964 0.05484765826666722 0.09104422122549545
1965 0.054022420597874016 0.0925576067555585
1966 0.05428657514786662 0.09516779095034322
1967 0.0539142555225316 0.08999551382425738
1968 0.05477946008676554 0.08992926357560847
1969 0.055103928221029615 0.09074419933877448
1970 0.054837784406819405 0.09198190111537626
1971 0.054644899840695926 0.09255415774376337
1972 0.05421234873509021 0.09348084960322453
1973 0.055317324378494494 0.09299337557670943
1974 0.05380321939498015 0.0934965509294338
1975 0.055301734796861075 0.09126666116399808
1976 0.05570298319076759 0.09082917609079416
1977 0.05513367414572613 0.0930710421031679
1978 0.054640325133348544 0.0925201569528334
1979 0.054997490575898894 0.09335206119699545
1980 0.05453471910265037 0.0935805500306506
1981 0.055219210770094215 0.09267579391145647
1982 0.05422634512376414 0.08995395482531583
1983 0.054547541495249485 0.09080025335679213
1984 0.05523542352829392 0.0916028441355951
1985 0.0544140394822974 0.09635065858895896
1986 0.05401422463220614 0.090441477535797
1987 0.05399960478035282 0.08999523472614653
1988 0.05610926107702 0.0936678755612204
1989 0.05444925629376086 0.08992947283122157
1990 0.05440396073319936 0.0909984889943373
1991 0.05386183423686465 0.08955758591570562
1992 0.05383352871333759 0.09290863156437303
1993 0.0546170855300678 0.09067743104491556
1994 0.05349348094526819 0.09184234464613956
1995 0.05435604586456186 0.09338431104212469
1996 0.05452754347164535 0.09177384317279594
1997 0.05359661123977934 0.09217689685201097
1998 0.05453505158078939 0.09197417361419605
1999 0.05444389067570354 0.09261771105851739
2000 0.05381493537369611 0.09204400151819196
